<?xml version="1.0" encoding="utf-8"?><testsuites name="pytest tests"><testsuite name="pytest" errors="0" failures="0" skipped="0" tests="160" time="3.234" timestamp="2025-08-10T21:08:31.006764-04:00" hostname="home"><testcase classname="test.test_scenario2" name="test_yaml_it_src_to_out_2" file="test\test_scenario2.py" line="8" time="0.082" /><testcase classname="test.test_config" name="test_env_var_overrides_file_config" file="test\test_config.py" line="76" time="0.015" /><testcase classname="test.test_config" name="test_boolean_env_var_parsing[true-True]" file="test\test_config.py" line="106" time="0.012" /><testcase classname="test.test_config" name="test_load_from_bash2gitlab_toml" file="test\test_config.py" line="33" time="0.011" /><testcase classname="test.test_config" name="test_boolean_env_var_parsing[no-False]" file="test\test_config.py" line="106" time="0.012" /><testcase classname="test.test_config" name="test_boolean_env_var_parsing[false-False]" file="test\test_config.py" line="106" time="0.013" /><testcase classname="test.test_config" name="test_boolean_env_var_parsing[-False]" file="test\test_config.py" line="106" time="0.014" /><testcase classname="test.test_scenario1" name="test_yaml_it" file="test\test_scenario1.py" line="8" time="0.021" /><testcase classname="test.test_config" name="test_boolean_env_var_parsing[t-True]" file="test\test_config.py" line="106" time="0.013" /><testcase classname="test.test_scenario9" name="test_yaml_it_src_to_out_hidden_jobs_9" file="test\test_scenario9.py" line="8" time="0.009" /><testcase classname="test.test_config" name="test_boolean_env_var_parsing[1-True]" file="test\test_config.py" line="106" time="0.015" /><testcase classname="test.test_config" name="test_boolean_env_var_parsing[n-False]" file="test\test_config.py" line="106" time="0.016" /><testcase classname="test.test_commit_map_command" name="test_commit_map_skips_local_changes_without_force" file="test\test_commit_map_command.py" line="59" time="0.012" /><testcase classname="test.test_commit_map_command" name="test_commit_map_dry_run_no_changes" file="test\test_commit_map_command.py" line="48" time="0.009" /><testcase classname="test.test_config" name="test_boolean_env_var_parsing[TRUE-True]" file="test\test_config.py" line="106" time="0.016" /><testcase classname="test.test_commit_map_command" name="test_commit_map_copies_changes" file="test\test_commit_map_command.py" line="38" time="0.011" /><testcase classname="test.test_commit_map_command" name="test_commit_map_ignores_unsupported_files" file="test\test_commit_map_command.py" line="86" time="0.004" /><testcase classname="test.test_config" name="test_boolean_env_var_parsing[FALSE-False]" file="test\test_config.py" line="106" time="0.016" /><testcase classname="test.test_commit_map_command" name="test_commit_map_force_overwrites_local_changes" file="test\test_commit_map_command.py" line="74" time="0.011" /><testcase classname="test.test_config" name="test_load_from_pyproject_toml" file="test\test_config.py" line="52" time="0.014" /><testcase classname="test.test_bash_reader" name="test_inline_bash_source_success_and_circular_dependency" file="test\test_bash_reader.py" line="8" time="0.010" /><testcase classname="test.test_bash_reader" name="test_inline_bash_source_file_not_found" file="test\test_bash_reader.py" line="75" time="0.008" /><testcase classname="test.test_config" name="test_boolean_env_var_parsing[y-True]" file="test\test_config.py" line="106" time="0.016" /><testcase classname="test.test_scenario6" name="test_yaml_it_src_to_out_6" file="test\test_scenario6.py" line="8" time="0.053" /><testcase classname="test.test_config" name="test_no_config_file_found" file="test\test_config.py" line="133" time="0.009" /><testcase classname="test.test_config" name="test_boolean_env_var_parsing[yes-True]" file="test\test_config.py" line="106" time="0.007" /><testcase classname="test.test_config" name="test_config_file_finding_logic" file="test\test_config.py" line="144" time="0.008" /><testcase classname="test.test_clone2local.TestFetchRepositoryArchive" name="test_cleanup_on_copy_failure" file="test\test_clone2local.py" line="129" time="0.033" /><testcase classname="test.test_scenario8" name="test_yaml_it_src_to_out_hidden_jobs_8" file="test\test_scenario8.py" line="8" time="0.255" /><testcase classname="test.test_clone2local.TestFetchRepositoryArchive" name="test_network_url_error_raises_connection_error" file="test\test_clone2local.py" line="113" time="0.006" /><testcase classname="test.test_clone2local.TestFetchRepositoryArchive" name="test_clone_dir_not_empty_raises_error" file="test\test_clone2local.py" line="84" time="0.004" /><testcase classname="test.test_clone2local.TestFetchRepositoryArchive" name="test_branch_not_found_raises_connection_error" file="test\test_clone2local.py" line="97" time="0.006" /><testcase classname="test.test_shred" name="test_create_script_filename[My-Job With.Special-Chars!-script-my-job-with.special-chars.sh]" file="test\test_shred.py" line="63" time="0.001" /><testcase classname="test.test_shred" name="test_create_script_filename[my job-script-my-job.sh]" file="test\test_shred.py" line="63" time="0.001" /><testcase classname="test.test_shred" name="test_create_script_filename[my-job-before_script-my-job_before_script.sh]" file="test\test_shred.py" line="63" time="0.002" /><testcase classname="test.test_shred" name="test_create_script_filename[my-job-script-my-job.sh]" file="test\test_shred.py" line="63" time="0.001" /><testcase classname="test.test_shred" name="test_create_script_filename[.hidden-job-script-.hidden-job.sh]" file="test\test_shred.py" line="63" time="0.001" /><testcase classname="test.test_shred" name="test_create_script_filename[job_with_underscores-script-job_with_underscores.sh]" file="test\test_shred.py" line="63" time="0.001" /><testcase classname="test.test_shred" name="test_create_script_filename[my-job-after_script-my-job_after_script.sh]" file="test\test_shred.py" line="63" time="0.001" /><testcase classname="test.test_shred.TestShredGitlabCI" name="test_shred_file_not_found" file="test\test_shred.py" line="186" time="0.003" /><testcase classname="test.test_shred.TestShredGitlabCI" name="test_shred_gitlab_ci_dry_run" file="test\test_shred.py" line="149" time="0.022" /><testcase classname="test.test_shred.TestShredGitlabCI" name="test_shred_gitlab_ci_no_scripts_to_shred" file="test\test_shred.py" line="169" time="0.007" /><testcase classname="test.test_shred.TestShredGitlabCI" name="test_shred_gitlab_ci_happy_path" file="test\test_shred.py" line="96" time="0.039" /><testcase classname="test.test_various" name="test_parse_env_file[KEY=VALUE-expected0]" file="test\test_various.py" line="12" time="0.002" /><testcase classname="test.test_various" name="test_extract_script_path[do_something &amp;&amp; ./my.sh-None]" file="test\test_various.py" line="33" time="0.001" /><testcase classname="test.test_various" name="test_parse_env_file[KEY=value # inline comment-expected8]" file="test\test_various.py" line="12" time="0.001" /><testcase classname="test.test_various" name="test_process_script_list_already_literal" file="test\test_various.py" line="65" time="0.001" /><testcase classname="test.test_various" name="test_extract_script_path[python run_script.py-None]" file="test\test_various.py" line="33" time="0.001" /><testcase classname="test.test_various" name="test_extract_script_path[  source   scripts/run.sh  -scripts/run.sh]" file="test\test_various.py" line="33" time="0.001" /><testcase classname="test.test_various" name="test_read_bash_script_not_found" file="test\test_various.py" line="52" time="0.001" /><testcase classname="test.test_various" name="test_parse_env_file[# This is a comment\nKEY=VALUE-expected5]" file="test\test_various.py" line="12" time="0.001" /><testcase classname="test.test_various" name="test_extract_script_path[sh scripts/run.sh-scripts/run.sh]" file="test\test_various.py" line="33" time="0.001" /><testcase classname="test.test_parse_bash" name="test_extract_script" file="test\test_parse_bash.py" line="3" time="0.001" /><testcase classname="test.test_scenario7" name="test_yaml_it_src_to_out_7" file="test\test_scenario7.py" line="8" time="0.229" /><testcase classname="test.test_smart_parser" name="test_error_message_includes_original_arg" file="test\test_smart_parser.py" line="48" time="0.003" /><testcase classname="test.test_smart_parser" name="test_invalid_subcommand_without_close_match" file="test\test_smart_parser.py" line="37" time="0.002" /><testcase classname="test.test_smart_parser" name="test_invalid_subcommand_suggests_close_match" file="test\test_smart_parser.py" line="23" time="0.002" /><testcase classname="test.test_smart_parser" name="test_valid_subcommand_parses" file="test\test_smart_parser.py" line="18" time="0.002" /><testcase classname="test.test_config" name="test_boolean_env_var_parsing[f-False]" file="test\test_config.py" line="106" time="0.013" /><testcase classname="test.test_config" name="test_boolean_env_var_parsing[0-False]" file="test\test_config.py" line="106" time="0.012" /><testcase classname="test.test_config" name="test_boolean_env_var_parsing[random_string-False]" file="test\test_config.py" line="106" time="0.012" /><testcase classname="test.test_config" name="test_only_env_vars_no_file" file="test\test_config.py" line="162" time="0.011" /><testcase classname="test.test_various" name="test_parse_env_file[export KEY_1=one\nKEY_2=two-expected9]" file="test\test_various.py" line="12" time="0.001" /><testcase classname="test.test_various" name="test_extract_script_path[./scripts/run.sh --arg1-None]" file="test\test_various.py" line="33" time="0.002" /><testcase classname="test.test_various" name="test_parse_env_file[KEY=&quot;A value with spaces&quot;-expected2]" file="test\test_various.py" line="12" time="0.001" /><testcase classname="test.test_various" name="test_parse_env_file[-expected10]" file="test\test_various.py" line="12" time="0.001" /><testcase classname="test.test_various" name="test_parse_env_file[_KEY=valid-expected7]" file="test\test_various.py" line="12" time="0.001" /><testcase classname="test.test_various" name="test_extract_script_path[scripts/run.sh-scripts/run.sh]" file="test\test_various.py" line="33" time="0.001" /><testcase classname="test.test_various" name="test_process_script_list_no_scripts" file="test\test_various.py" line="58" time="0.001" /><testcase classname="test.test_various" name="test_extract_script_path[malformed ' command-None]" file="test\test_various.py" line="33" time="0.001" /><testcase classname="test.test_various" name="test_parse_env_file[KEY='Another value'-expected3]" file="test\test_various.py" line="12" time="0.001" /><testcase classname="test.test_various" name="test_parse_env_file[export KEY=VALUE-expected1]" file="test\test_various.py" line="12" time="0.001" /><testcase classname="test.test_various" name="test_extract_script_path[echo 'not a script'-None]" file="test\test_various.py" line="33" time="0.001" /><testcase classname="test.test_various" name="test_extract_script_path[bash ./scripts/run.sh-scripts/run.sh]" file="test\test_various.py" line="33" time="0.001" /><testcase classname="test.test_various" name="test_parse_env_file[  KEY=VALUE  -expected4]" file="test\test_various.py" line="12" time="0.002" /><testcase classname="test.test_various" name="test_parse_env_file[INVALID-KEY=value-expected6]" file="test\test_various.py" line="12" time="0.001" /><testcase classname="test.test_init_project" name="test_prompt_for_config_custom_values" file="test\test_init_project.py" line="28" time="0.001" /><testcase classname="test.test_init_project" name="test_create_config_file_dry_run" file="test\test_init_project.py" line="79" time="0.002" /><testcase classname="test.test_integration.TestProcessUncompiledDirectory" name="test_full_processing" file="test\test_integration.py" line="126" time="0.047" /><testcase classname="test.test_make_mock_ci_vars" name="test_generate_mock_ci_variables_script" file="test\test_make_mock_ci_vars.py" line="3" time="0.004" /><testcase classname="test.test_scenario10" name="test_yaml_must_preserve_references_and_multiscripts" file="test\test_scenario10.py" line="8" time="0.030" /><testcase classname="test.test_integration.TestHelperFunctions" name="test_extract_script_path[echo 'running ./run.sh'-None]" file="test\test_integration.py" line="36" time="0.002" /><testcase classname="test.test_integration.TestHelperFunctions" name="test_extract_script_path[npm install-None]" file="test\test_integration.py" line="36" time="0.001" /><testcase classname="test.test_integration.TestHelperFunctions" name="test_extract_script_path[sh scripts/setup.sh-scripts/setup.sh]" file="test\test_integration.py" line="36" time="0.001" /><testcase classname="test.test_integration.TestHelperFunctions" name="test_parse_env_file" file="test\test_integration.py" line="19" time="0.001" /><testcase classname="test.test_scenario13" name="test_yaml_it_src_to_out_13_complex_data_structure" file="test\test_scenario13.py" line="8" time="0.134" /><testcase classname="test.test_integration.TestHelperFunctions" name="test_extract_script_path[source /path/to/my.sh-/path/to/my.sh]" file="test\test_integration.py" line="36" time="0.001" /><testcase classname="test.test_integration.TestHelperFunctions" name="test_extract_script_path[bash -c 'some command'-None]" file="test\test_integration.py" line="36" time="0.001" /><testcase classname="test.test_integration.TestHelperFunctions" name="test_extract_script_path[bash ./scripts/deploy.sh-scripts/deploy.sh]" file="test\test_integration.py" line="36" time="0.001" /><testcase classname="test.test_integration.TestHelperFunctions" name="test_extract_script_path[./run.sh-run.sh]" file="test\test_integration.py" line="36" time="0.001" /><testcase classname="test.test_integration.TestHelperFunctions" name="test_extract_script_path[do_something &amp;&amp; ./run.sh-None]" file="test\test_integration.py" line="36" time="0.001" /><testcase classname="test.test_scenario4" name="test_yaml_it_src_to_out_4" file="test\test_scenario4.py" line="8" time="0.021" /><testcase classname="test.test_scenario11" name="test_yaml_must_preserve_references_and_multiscripts" file="test\test_scenario11.py" line="8" time="0.034" /><testcase classname="test.test_map_deploy" name="test_get_deployment_map" file="test\test_map_deploy.py" line="45" time="0.011" /><testcase classname="test.test_map_deploy" name="test_skips_unsupported_extensions" file="test\test_map_deploy.py" line="76" time="0.021" /><testcase classname="test.test_map_deploy" name="test_unchanged_redeployment" file="test\test_map_deploy.py" line="88" time="0.023" /><testcase classname="test.test_update_checker" name="test_finds_newer_version" file="test\test_update_checker.py" line="6" time="0.103" /><testcase classname="test.test_map_deploy" name="test_initial_deployment" file="test\test_map_deploy.py" line="56" time="0.018" /><testcase classname="test.test_map_deploy" name="test_dry_run" file="test\test_map_deploy.py" line="143" time="0.015" /><testcase classname="test.test_map_deploy" name="test_modified_destination_skip" file="test\test_map_deploy.py" line="105" time="0.028" /><testcase classname="test.test_map_deploy" name="test_modified_destination_force" file="test\test_map_deploy.py" line="124" time="0.026" /><testcase classname="test.test_scenario3" name="test_yaml_it_src_to_out_3" file="test\test_scenario3.py" line="8" time="0.064" /><testcase classname="test.test_update_checker" name="test_caching_works" file="test\test_update_checker.py" line="31" time="0.065" /><testcase classname="test.test_bash_reader_regex" name="test_source_command_regex[source my_script.sh # with a comment-my_script.sh]" file="test\test_bash_reader_regex.py" line="32" time="0.001" /><testcase classname="test.test_bash_reader_regex" name="test_source_command_regex[\tsource script-with-hyphens.sh-script-with-hyphens.sh]" file="test\test_bash_reader_regex.py" line="32" time="0.001" /><testcase classname="test.test_bash_reader_regex" name="test_source_command_regex[source path_with_underscores_and.numbers123-path_with_underscores_and.numbers123]" file="test\test_bash_reader_regex.py" line="32" time="0.001" /><testcase classname="test.test_bash_reader_regex" name="test_source_command_regex[. ./script_in_current_dir.sh-./script_in_current_dir.sh]" file="test\test_bash_reader_regex.py" line="32" time="0.001" /><testcase classname="test.test_bash_reader_regex" name="test_source_command_regex[  source relative/path/to/script.sh-relative/path/to/script.sh]" file="test\test_bash_reader_regex.py" line="32" time="0.002" /><testcase classname="test.test_update_checker" name="test_color_output_disabled_in_ci" file="test\test_update_checker.py" line="95" time="0.053" /><testcase classname="test.test_bash_reader_regex" name="test_source_command_regex[source-None]" file="test\test_bash_reader_regex.py" line="32" time="0.001" /><testcase classname="test.test_bash_reader_regex" name="test_source_command_regex[echo 'source my_script.sh'-None]" file="test\test_bash_reader_regex.py" line="32" time="0.001" /><testcase classname="test.test_bash_reader_regex" name="test_source_command_regex[export VAR=source-None]" file="test\test_bash_reader_regex.py" line="32" time="0.001" /><testcase classname="test.test_bash_reader_regex" name="test_source_command_regex[# source my_script.sh-None]" file="test\test_bash_reader_regex.py" line="32" time="0.001" /><testcase classname="test.test_bash_reader_regex" name="test_source_command_regex[source windows\\style\\path.sh-windows\\style\\path.sh]" file="test\test_bash_reader_regex.py" line="32" time="0.001" /><testcase classname="test.test_bash_reader_regex" name="test_source_command_regex[anothersource my_script.sh-None]" file="test\test_bash_reader_regex.py" line="32" time="0.001" /><testcase classname="test.test_bash_reader_regex" name="test_source_command_regex[source &quot;double/quoted/path.sh&quot;-None]" file="test\test_bash_reader_regex.py" line="32" time="0.001" /><testcase classname="test.test_bash_reader_regex" name="test_source_command_regex[source path/with/invalid$char.sh-None]" file="test\test_bash_reader_regex.py" line="32" time="0.001" /><testcase classname="test.test_bash_reader_regex" name="test_source_command_regex[source ../parent/dir/script.sh-../parent/dir/script.sh]" file="test\test_bash_reader_regex.py" line="32" time="0.001" /><testcase classname="test.test_bash_reader_regex" name="test_source_command_regex[. my_script.sh-my_script.sh]" file="test\test_bash_reader_regex.py" line="32" time="0.001" /><testcase classname="test.test_bash_reader_regex" name="test_source_command_regex[. my_script.sh\t-my_script.sh]" file="test\test_bash_reader_regex.py" line="32" time="0.001" /><testcase classname="test.test_bash_reader_regex" name="test_regex_handles_dot_alias_with_whitespace" file="test\test_bash_reader_regex.py" line="51" time="0.001" /><testcase classname="test.test_bash_reader_regex" name="test_source_command_regex[source my_script.sh   -my_script.sh]" file="test\test_bash_reader_regex.py" line="32" time="0.001" /><testcase classname="test.test_bash_reader_regex" name="test_regex_fails_on_multiline" file="test\test_bash_reader_regex.py" line="61" time="0.001" /><testcase classname="test.test_bash_reader_regex" name="test_source_command_regex[source 'quoted/path.sh'-None]" file="test\test_bash_reader_regex.py" line="32" time="0.001" /><testcase classname="test.test_bash_reader_regex" name="test_source_command_regex[. -None]" file="test\test_bash_reader_regex.py" line="32" time="0.001" /><testcase classname="test.test_bash_reader_regex" name="test_source_command_regex[source my_script.sh-my_script.sh]" file="test\test_bash_reader_regex.py" line="32" time="0.001" /><testcase classname="test.test_logging" name="test_generate_config" file="test\test_logging.py" line="3" time="0.001" /><testcase classname="test.test_detect_drift" name="test_check_for_drift_missing_source_file" file="test\test_detect_drift.py" line="150" time="0.004" /><testcase classname="test.test_update_checker" name="test_color_output_enabled" file="test\test_update_checker.py" line="85" time="0.065" /><testcase classname="test.test_detect_drift" name="test_decode_hash_content" file="test\test_detect_drift.py" line="45" time="0.007" /><testcase classname="test.test_detect_drift" name="test_check_for_drift_with_templates_dir" file="test\test_detect_drift.py" line="194" time="0.009" /><testcase classname="test.test_detect_drift" name="test_generate_pretty_diff_with_color" file="test\test_detect_drift.py" line="68" time="0.001" /><testcase classname="test.test_detect_drift" name="test_get_source_file_from_hash" file="test\test_detect_drift.py" line="38" time="0.001" /><testcase classname="test.test_detect_drift" name="test_check_for_drift_detected" file="test\test_detect_drift.py" line="130" time="0.005" /><testcase classname="test.test_detect_drift" name="test_check_for_drift_no_drift" file="test\test_detect_drift.py" line="113" time="0.006" /><testcase classname="test.test_detect_drift" name="test_check_for_drift_corrupted_hash_file" file="test\test_detect_drift.py" line="164" time="0.005" /><testcase classname="test.test_detect_drift" name="test_check_for_drift_no_hash_files_found" file="test\test_detect_drift.py" line="180" time="0.004" /><testcase classname="test.test_detect_drift" name="test_find_hash_files" file="test\test_detect_drift.py" line="85" time="0.005" /><testcase classname="test.test_update_checker" name="test_prerelease_check_finds_newer" file="test\test_update_checker.py" line="74" time="0.179" /><testcase classname="test.test_cli2" name="test_copy2local_ssh_and_https" file="test\test_cli2.py" line="227" time="0.010" /><testcase classname="test.test_cli2" name="test_map_and_commit_ok[map-deploy-run_map_deploy]" file="test\test_cli2.py" line="284" time="0.004" /><testcase classname="test.test_cli2" name="test_detect_drift_variants" file="test\test_cli2.py" line="211" time="0.006" /><testcase classname="test.test_cli2" name="test_map_and_commit_ok[commit-map-run_commit_map]" file="test\test_cli2.py" line="284" time="0.004" /><testcase classname="test.test_cli2" name="test_map_and_commit_errors[commit-map-exc0-10]" file="test\test_cli2.py" line="297" time="0.006" /><testcase classname="test.test_cli2" name="test_init_uses_default_directory" file="test\test_cli2.py" line="269" time="0.004" /><testcase classname="test.test_cli2" name="test_shred_with_and_without_scripts_out" file="test\test_cli2.py" line="173" time="0.011" /><testcase classname="test.test_cli2" name="test_map_and_commit_errors[map-deploy-exc1-11]" file="test\test_cli2.py" line="297" time="0.005" /><testcase classname="test.test_cli2" name="test_map_and_commit_errors[commit-map-exc1-11]" file="test\test_cli2.py" line="297" time="0.004" /><testcase classname="test.test_cli2" name="test_compile_watch_calls_start_watch" file="test\test_cli2.py" line="147" time="0.007" /><testcase classname="test.test_cli2" name="test_version_flag_exits_zero" file="test\test_cli2.py" line="142" time="0.005" /><testcase classname="test.test_cli2" name="test_map_and_commit_errors[map-deploy-exc0-10]" file="test\test_cli2.py" line="297" time="0.005" /><testcase classname="test.test_update_checker" name="test_handles_up_to_date_package" file="test\test_update_checker.py" line="15" time="0.076" /><testcase classname="test.test_update_checker" name="test_cache_reset_works" file="test\test_update_checker.py" line="51" time="0.122" /><testcase classname="test.test_update_checker" name="test_handles_nonexistent_package" file="test\test_update_checker.py" line="22" time="0.031" /><testcase classname="test.test_scenario5" name="test_yaml_it_src_to_out_5" file="test\test_scenario5.py" line="8" time="0.010" /><testcase classname="test.test_cli" name="test_version_flag" file="test\test_cli.py" line="11" time="0.005" /><testcase classname="test.test_cli" name="test_help_flag" file="test\test_cli.py" line="20" time="0.006" /><testcase classname="test.test_scenario12" name="test_yaml_it_src_to_out_12_powershell" file="test\test_scenario12.py" line="8" time="0.019" /><testcase classname="test.test_init_project" name="test_create_config_file_standard_run" file="test\test_init_project.py" line="56" time="0.004" /><testcase classname="test.test_init_project" name="test_prompt_for_config_defaults" file="test\test_init_project.py" line="13" time="0.001" /></testsuite></testsuites>